==============================================================================
testDemo6 :: To Validate the Login form                                       
==============================================================================
Validate Cards display in the Shopping Page                           | PASS |
------------------------------------------------------------------------------
testDemo6 :: To Validate the Login form                               | PASS |
1 test, 1 passed, 0 failed
==============================================================================
Output:  C:\Users\masen\PycharmProjects\pythonProject1\tests\pabot_results\1\output.xml
