==============================================================================
testDemo6 :: To Validate the Login form                                       
==============================================================================
Select the form and davigate to Child window                          | PASS |
------------------------------------------------------------------------------
testDemo6 :: To Validate the Login form                               | PASS |
1 test, 1 passed, 0 failed
==============================================================================
Output:  C:\Users\masen\PycharmProjects\pythonProject1\tests\pabot_results\2\output.xml
